// Vitest Snapshot v1, https://vitest.dev/guide/snapshot.html

exports[`ScoreStamp is byte-stable per task faction > hashes to its recorded markup for every dispatch slug 1`] = `
"albescent → 9958c1c951b4a3e8
coven → aaf808b437e4236a
ephemerists → c374adee4a0a9f33
everymen → 02df5c7aeac5171c
na → f0c00258e309fb3e
singularity → 1360bd988452b662
snide → 9f8f6dc61ebc2c11
ua → 2ec4cb1def2faaf2
wow → 772f2afbdb85ecc2"
`;

exports[`praxis-detail markup is byte-stable across the registry > every archetype × state × form factor hashes to its recorded markup 1`] = `
"__default__ · base · desktop → 80682402a64524b3
__default__ · base · mobile → ad72d471d123607e
__default__ · crowned · desktop → e739a89eefae7bda
__default__ · crowned · mobile → 6d16b2a65766abfd
__default__ · failed · desktop → cc09e7945421d592
__default__ · failed · mobile → eeb2c055eabefed7
__default__ · failedNoteless · desktop → 5366ed5f1d399bfa
__default__ · failedNoteless · mobile → 0afce1954d45c47e
__default__ · flagged · desktop → d07e9e3ef61d4389
__default__ · flagged · mobile → df37915bed69c1c8
__default__ · sealed · desktop → dcb3f45c03f8c034
__default__ · sealed · mobile → 090aa3bb35660427
__default__ · multiplier · desktop → 7a23a7e0ec3a7fa4
__default__ · multiplier · mobile → ae8b16fec8561dbd
__default__ · owner · desktop → f38e20448978c97f
__default__ · owner · mobile → f6ec8028f7b843dc
__default__ · steward · desktop → d9d495a8091b2345
__default__ · steward · mobile → 4c51f677d08479cb
__default__ · duel · desktop → 7e0c7afa0cf55bb7
__default__ · duel · mobile → a307bdb44ecbcad9
albescent · base · desktop → 9138739676fa812f
albescent · base · mobile → 77eb5433fcc693aa
albescent · crowned · desktop → 13600261e17d5ccf
albescent · crowned · mobile → 48a0dcfd1e8b2aa7
albescent · failed · desktop → ec7cb77b1de97c94
albescent · failed · mobile → feee6a33d966c93e
albescent · failedNoteless · desktop → f0de90542ca5af16
albescent · failedNoteless · mobile → 2e6d7065160e3c39
albescent · flagged · desktop → cdaa20f2c3ff6c0f
albescent · flagged · mobile → 9075c072d7a9b691
albescent · sealed · desktop → 990e90bbe0de7d7d
albescent · sealed · mobile → 94aecd0d721c1674
albescent · multiplier · desktop → 6bdae1460510e1a2
albescent · multiplier · mobile → da9763effa3ca4e0
albescent · owner · desktop → ba8a09b5de2b4351
albescent · owner · mobile → 6237eb18f5c817bf
albescent · steward · desktop → dce124e4b5560635
albescent · steward · mobile → f33f185dcd8f81f6
albescent · duel · desktop → 02b6b1f6c48e2085
albescent · duel · mobile → e6f37f190d7672f7
coven · base · desktop → e33e98cc97c1db1c
coven · base · mobile → fdb459d6be8c7c5f
coven · crowned · desktop → 118d28f3c0f1d46b
coven · crowned · mobile → e89e47001ff56bb3
coven · failed · desktop → 16e7c28ebcec7403
coven · failed · mobile → 9c1102cc5f65a347
coven · failedNoteless · desktop → c210f2cf646887e7
coven · failedNoteless · mobile → 5d37d6a3b3a1fb8d
coven · flagged · desktop → 776c1143160a8f07
coven · flagged · mobile → ade0b0473d882360
coven · sealed · desktop → 4153ac8278486163
coven · sealed · mobile → 05abe8ec462e4c56
coven · multiplier · desktop → 9310b44302268dcc
coven · multiplier · mobile → 8d6c3139a7ff25a0
coven · owner · desktop → ffda954bf688beab
coven · owner · mobile → 50ecb04e66acd5a9
coven · steward · desktop → 463abcc1869e35f4
coven · steward · mobile → 8b01a285c7fe5728
coven · duel · desktop → 85d7e3eb13a711cc
coven · duel · mobile → 799bb76959e9c131
ephemerists · base · desktop → 97af244bf59a5ea0
ephemerists · base · mobile → 9f5f8116f9ea845f
ephemerists · crowned · desktop → d5912f79b438fc82
ephemerists · crowned · mobile → 92ee74770e8c5097
ephemerists · failed · desktop → fc4c22b1dbf05223
ephemerists · failed · mobile → 16b4025360e6ea10
ephemerists · failedNoteless · desktop → 1db92ad308bdbe25
ephemerists · failedNoteless · mobile → 755eb18c35de15a1
ephemerists · flagged · desktop → 1b2efa391a39e1c7
ephemerists · flagged · mobile → b2cea4082311fa13
ephemerists · sealed · desktop → bf492d0743d644cc
ephemerists · sealed · mobile → d9e74dfb420f2a9d
ephemerists · multiplier · desktop → 194eb22ee2abb722
ephemerists · multiplier · mobile → d668586471e88d86
ephemerists · owner · desktop → c0b2ae70c51847fd
ephemerists · owner · mobile → 32903863ce7f17a5
ephemerists · steward · desktop → f8aea19df1dce128
ephemerists · steward · mobile → bae4aa468a9f79eb
ephemerists · duel · desktop → 881bf22a7a99faee
ephemerists · duel · mobile → bdc8c1c3d3736d19
everymen · base · desktop → b04daef58d6edd98
everymen · base · mobile → e7d9f3fb3e28854b
everymen · crowned · desktop → 10fced1c870a5312
everymen · crowned · mobile → 3e36206b2cc04566
everymen · failed · desktop → 9dab01438aa8f752
everymen · failed · mobile → 7e9c22154a198a10
everymen · failedNoteless · desktop → fa0ee82a445f61b6
everymen · failedNoteless · mobile → 0f8dddd261b8cef1
everymen · flagged · desktop → f13a886742450da8
everymen · flagged · mobile → 6006f6195aa636f7
everymen · sealed · desktop → 4c4c38ebab5c8001
everymen · sealed · mobile → 5017c9aab219e5eb
everymen · multiplier · desktop → 8038a6f1d20fb060
everymen · multiplier · mobile → 1c7322c076df6237
everymen · owner · desktop → bb1dc98fe08b5cc1
everymen · owner · mobile → f964d0e6940be459
everymen · steward · desktop → 8043256980c96c38
everymen · steward · mobile → 446e3e3c37c3ce07
everymen · duel · desktop → 93ffdd106221e13e
everymen · duel · mobile → 285a5c7335cab20b
na · base · desktop → 80682402a64524b3
na · base · mobile → ad72d471d123607e
na · crowned · desktop → e739a89eefae7bda
na · crowned · mobile → 6d16b2a65766abfd
na · failed · desktop → cc09e7945421d592
na · failed · mobile → eeb2c055eabefed7
na · failedNoteless · desktop → 5366ed5f1d399bfa
na · failedNoteless · mobile → 0afce1954d45c47e
na · flagged · desktop → d07e9e3ef61d4389
na · flagged · mobile → df37915bed69c1c8
na · sealed · desktop → dcb3f45c03f8c034
na · sealed · mobile → 090aa3bb35660427
na · multiplier · desktop → 7a23a7e0ec3a7fa4
na · multiplier · mobile → ae8b16fec8561dbd
na · owner · desktop → f38e20448978c97f
na · owner · mobile → f6ec8028f7b843dc
na · steward · desktop → d9d495a8091b2345
na · steward · mobile → 4c51f677d08479cb
na · duel · desktop → 7e0c7afa0cf55bb7
na · duel · mobile → a307bdb44ecbcad9
singularity · base · desktop → 6024be6527ee7d31
singularity · base · mobile → 666645b15523d8c2
singularity · crowned · desktop → a81fe34fcf86db5d
singularity · crowned · mobile → 1fc8360195e54772
singularity · failed · desktop → 3e30549aeac01b58
singularity · failed · mobile → 1fe5e2a7befb9a3b
singularity · failedNoteless · desktop → ea39e4f6f7314f09
singularity · failedNoteless · mobile → 6470a5d63ea32597
singularity · flagged · desktop → ef80303ec674e940
singularity · flagged · mobile → 7d6739b38de6943e
singularity · sealed · desktop → 844cc8b1c86f246e
singularity · sealed · mobile → 12f9d7d5f94f4225
singularity · multiplier · desktop → 98c2b57d6d4c7c30
singularity · multiplier · mobile → f2f8131ae9ad5182
singularity · owner · desktop → bb2f772899aa03d8
singularity · owner · mobile → 0b979cd6a8485d53
singularity · steward · desktop → 12da16c8f892f5a2
singularity · steward · mobile → ce3304c54189a5d5
singularity · duel · desktop → 548ebbd1bea1f19a
singularity · duel · mobile → 7576c3c6306cfaa8
snide · base · desktop → 9233251210cfa283
snide · base · mobile → 5619c732b38702c4
snide · crowned · desktop → 39c30a6a6217d58e
snide · crowned · mobile → eb05d6ee8eb62756
snide · failed · desktop → 6eea65f5706bf2f3
snide · failed · mobile → 0bc2631a3aee29f8
snide · failedNoteless · desktop → 73bda6898eedb03d
snide · failedNoteless · mobile → 17158e6d0b086a34
snide · flagged · desktop → afa8e287b27e6f6a
snide · flagged · mobile → 4c15fc4a2b8eac31
snide · sealed · desktop → afb59d021aa1b245
snide · sealed · mobile → ccef6d390d60c4ec
snide · multiplier · desktop → 66c77dfe6e24867a
snide · multiplier · mobile → dd042b6a10592df8
snide · owner · desktop → 32b3bdccfd7ecdc2
snide · owner · mobile → 5527c6c2ff339c47
snide · steward · desktop → 51b50216602ca6d3
snide · steward · mobile → 41eb2361afa9cc77
snide · duel · desktop → 7da0eb82b79f61f1
snide · duel · mobile → fe06721560e95d7c
ua · base · desktop → 161466b8a1c1144f
ua · base · mobile → 19aec7dc021e8886
ua · crowned · desktop → cad92b4a9909691e
ua · crowned · mobile → b7d55c8114954cda
ua · failed · desktop → 06634d0943dee957
ua · failed · mobile → 476664169e901e35
ua · failedNoteless · desktop → edbded637c2f4f5d
ua · failedNoteless · mobile → d81b0be8dad7040a
ua · flagged · desktop → 6d5c9c6fe459d6b9
ua · flagged · mobile → 339333530b639f42
ua · sealed · desktop → 17ed7b6f191f80e8
ua · sealed · mobile → 8c8b96c63b5108c3
ua · multiplier · desktop → 8d5002b86986eba5
ua · multiplier · mobile → 03103c2f044f6faa
ua · owner · desktop → 15c5dc532c8a2d32
ua · owner · mobile → a447dea1f3d8e708
ua · steward · desktop → 8f1f3756960ebea1
ua · steward · mobile → 169adf06bc205691
ua · duel · desktop → 1d3dd7eeea84ff6a
ua · duel · mobile → 4f106b8f211012e8
wow · base · desktop → 09d949f81181cfe4
wow · base · mobile → 83a15aa3e1d50a49
wow · crowned · desktop → f5ad8fad009e030f
wow · crowned · mobile → 210c64ab93a7d64f
wow · failed · desktop → e5fbd96e3b72b283
wow · failed · mobile → 0c615c15a31032df
wow · failedNoteless · desktop → 21a86ff8f2ec7ad6
wow · failedNoteless · mobile → 9bf4794de1bc99f5
wow · flagged · desktop → eabfd4fe964da0ba
wow · flagged · mobile → b609a922af1edce1
wow · sealed · desktop → ba095b8b16c1bbe5
wow · sealed · mobile → 1e660183d8b0fd8d
wow · multiplier · desktop → 924acb4da726a775
wow · multiplier · mobile → 5d761a3788dbc4bf
wow · owner · desktop → b1615f1c5694f1d2
wow · owner · mobile → a5f4c03ca6c12439
wow · steward · desktop → 4513ef22ed574e1a
wow · steward · mobile → 6e5e1f69bf511c4b
wow · duel · desktop → 24526c47c2e5e534
wow · duel · mobile → c3634229dd42fd7f"
`;
