// Vitest Snapshot v1, https://vitest.dev/guide/snapshot.html

exports[`ScoreStamp is byte-stable per task faction > hashes to its recorded markup for every dispatch slug 1`] = `
"albescent → 9958c1c951b4a3e8
coven → aaf808b437e4236a
ephemerists → c374adee4a0a9f33
everymen → 02df5c7aeac5171c
na → f0c00258e309fb3e
singularity → 1360bd988452b662
snide → 9f8f6dc61ebc2c11
ua → 2ec4cb1def2faaf2
wow → 772f2afbdb85ecc2"
`;

exports[`praxis-detail markup is byte-stable across the registry > every archetype × state × form factor hashes to its recorded markup 1`] = `
"albescent · base · desktop → eb7de138279930a1
albescent · base · mobile → 0bf6147ee7e199fc
albescent · crowned · desktop → 5e53accc528c986e
albescent · crowned · mobile → 3db0633b3d68ae95
albescent · failed · desktop → 6260ea7d5ffef4a1
albescent · failed · mobile → 4cf8d8e106b51c68
albescent · failedNoteless · desktop → f9046c1fd8de3e19
albescent · failedNoteless · mobile → 772d7e5d01f0b9e7
albescent · flagged · desktop → 2043d303106bc85a
albescent · flagged · mobile → d35cb2ba36b34d3b
albescent · sealed · desktop → 310665590ee39b88
albescent · sealed · mobile → 5313d7bdc2a8efc5
albescent · multiplier · desktop → 771a9a499573ff72
albescent · multiplier · mobile → 64155d2a2160702a
albescent · owner · desktop → ae7c3655db36cc02
albescent · owner · mobile → 320d7235caf37657
albescent · steward · desktop → 9a261778902f9d58
albescent · steward · mobile → 62c812a8258a634c
albescent · duel · desktop → 0b24b4ae6cdff559
albescent · duel · mobile → ff058c51f595ee0b
coven · base · desktop → d0a9ca07b334b460
coven · base · mobile → 068edda7f8161185
coven · crowned · desktop → e0ce6483e1f5aa3a
coven · crowned · mobile → cc112826baa2adea
coven · failed · desktop → 3315e73bdd893a7c
coven · failed · mobile → 871bdf8e2c7088e9
coven · failedNoteless · desktop → 7a00501a379e0251
coven · failedNoteless · mobile → bd34349e81528b97
coven · flagged · desktop → 57fd7348629d247e
coven · flagged · mobile → 0d93204d7189d1c8
coven · sealed · desktop → 44de74f8f86ebf22
coven · sealed · mobile → 4554c3ae5dfab7b7
coven · multiplier · desktop → e71de84465ecdce6
coven · multiplier · mobile → 41baba474decc5e2
coven · owner · desktop → fb49375aada4b8ee
coven · owner · mobile → 9221366f16c605a4
coven · steward · desktop → 0bb5e4a91676db85
coven · steward · mobile → 05cfea2fea633491
coven · duel · desktop → a12eae7a5687fd4c
coven · duel · mobile → 058973031a81034d
ephemerists · base · desktop → 5070d813ce8f7ec3
ephemerists · base · mobile → 9cbcb9b769bf5674
ephemerists · crowned · desktop → 85041f7b387f2e32
ephemerists · crowned · mobile → 555bf650ce0e0f58
ephemerists · failed · desktop → b13804b4079c6c37
ephemerists · failed · mobile → cc78cdfeb1af3593
ephemerists · failedNoteless · desktop → 6f34c95ac1c76511
ephemerists · failedNoteless · mobile → a34463f1805b8114
ephemerists · flagged · desktop → 52441f127b7b56c6
ephemerists · flagged · mobile → be4bdd85a11f88e5
ephemerists · sealed · desktop → b10f9e05b3080bca
ephemerists · sealed · mobile → 967f4d358d58cdf7
ephemerists · multiplier · desktop → b454bd47daecc7a2
ephemerists · multiplier · mobile → 6a5fcdab927731e7
ephemerists · owner · desktop → bef017b5a1de6e95
ephemerists · owner · mobile → 7d4ac6c9dab46efc
ephemerists · steward · desktop → 520d050450c1a2d1
ephemerists · steward · mobile → 70bdd11e46fc63fa
ephemerists · duel · desktop → bf1707701d7a4130
ephemerists · duel · mobile → 2f08a189bf82e5da
everymen · base · desktop → 0392c5fc3ebb2b1a
everymen · base · mobile → a4d40eb2fbdc95dc
everymen · crowned · desktop → ddd955ba85351220
everymen · crowned · mobile → 904578da0a2df079
everymen · failed · desktop → 807d023d183dd406
everymen · failed · mobile → b52b7fa6ad9dbf3f
everymen · failedNoteless · desktop → c92fb0e70c0fbc60
everymen · failedNoteless · mobile → 39d8000a1907b802
everymen · flagged · desktop → e669c47f7565faba
everymen · flagged · mobile → 94de140a881c9c40
everymen · sealed · desktop → a7219891c753455c
everymen · sealed · mobile → e5175a051ff82749
everymen · multiplier · desktop → 72ee1520588b883b
everymen · multiplier · mobile → 9046b854b67a6303
everymen · owner · desktop → d8366010c074d206
everymen · owner · mobile → caeb6e971f561e61
everymen · steward · desktop → e8565a0116996d85
everymen · steward · mobile → 433480694d0f6693
everymen · duel · desktop → c42739ef823f0900
everymen · duel · mobile → c5c12871a08cd979
na · base · desktop → efa49e20f90b21e8
na · base · mobile → 8b776b5d6a8a1aae
na · crowned · desktop → 23b751cfa64b5b90
na · crowned · mobile → 3a90cfcd88ff27b8
na · failed · desktop → aaf9f8479aea7531
na · failed · mobile → cac313b154340205
na · failedNoteless · desktop → 713b93dac4bbcfec
na · failedNoteless · mobile → 5370f2a19a1e1712
na · flagged · desktop → 3a1d3bdab8c9a9e8
na · flagged · mobile → d3d584adae104b5e
na · sealed · desktop → 04c93633d5902b07
na · sealed · mobile → 53be29cfb83e6d0d
na · multiplier · desktop → aaed862c4118683d
na · multiplier · mobile → b06206b825a4a4ca
na · owner · desktop → b61830bf3ecd7185
na · owner · mobile → 1a7d9b5967461094
na · steward · desktop → 513248df90f20de6
na · steward · mobile → 9de2bc73f57e42aa
na · duel · desktop → bb4fd50f78337531
na · duel · mobile → 8ea9355dee852d86
singularity · base · desktop → 41afb8f1d515933b
singularity · base · mobile → 6e217737ce3c413c
singularity · crowned · desktop → e3210fe575497ed5
singularity · crowned · mobile → 3e1122c043e893e4
singularity · failed · desktop → 26057c2971f8a37e
singularity · failed · mobile → 499fe3b31b48f665
singularity · failedNoteless · desktop → 03b61e4ddca4d5ee
singularity · failedNoteless · mobile → 79e78166fecadee6
singularity · flagged · desktop → de707ed5bbd4a770
singularity · flagged · mobile → 446717322a9a84f7
singularity · sealed · desktop → 6069060dd204867b
singularity · sealed · mobile → dc5ce09d931f40fc
singularity · multiplier · desktop → 9a158cddf7fb0861
singularity · multiplier · mobile → 45815af41b986828
singularity · owner · desktop → e00bc3f686f4f2fb
singularity · owner · mobile → 4211a7581b7ca8f9
singularity · steward · desktop → daf894c85adf4828
singularity · steward · mobile → fde89081e59cae74
singularity · duel · desktop → 410d03026e0a33e4
singularity · duel · mobile → 4ffcce949c2d1774
snide · base · desktop → af0914fb1e78a545
snide · base · mobile → 68cfc2488701d36c
snide · crowned · desktop → cbb54d9cdc05fa97
snide · crowned · mobile → 8dca41816295b286
snide · failed · desktop → e32bc6f60b30bf00
snide · failed · mobile → 1c61f9c0eabe9053
snide · failedNoteless · desktop → 9262c34599c91114
snide · failedNoteless · mobile → 616002d125931e1e
snide · flagged · desktop → fe0f5921af51a51d
snide · flagged · mobile → 9d04d611938b804b
snide · sealed · desktop → c23cbe4d89275fa6
snide · sealed · mobile → 03fa0f501ff61d75
snide · multiplier · desktop → 6f7d906485fb9997
snide · multiplier · mobile → 150503cfca0e6fbc
snide · owner · desktop → 5ca9edd8ed33e00f
snide · owner · mobile → 3ef422c51c7e0363
snide · steward · desktop → 67da4fd10d5880ad
snide · steward · mobile → 156564bc8db0b515
snide · duel · desktop → e9a964f6a89a1193
snide · duel · mobile → da2cfd1ba6d765d1
ua · base · desktop → ac085ef7de4d0dcf
ua · base · mobile → f737d47dc3fafc46
ua · crowned · desktop → db5459eaa670dbe6
ua · crowned · mobile → 75ea9b15dd581798
ua · failed · desktop → ed492d57e142e297
ua · failed · mobile → a8a8abb4fe5e3aa9
ua · failedNoteless · desktop → 8c6d25e53ab79342
ua · failedNoteless · mobile → 0666f40ad6994afa
ua · flagged · desktop → da40b23205efd2da
ua · flagged · mobile → 38020dd85336c46d
ua · sealed · desktop → 344385c04b9db735
ua · sealed · mobile → 9d40aae2dfd4b056
ua · multiplier · desktop → 325d175caa38393a
ua · multiplier · mobile → ac03cef6ad3de75d
ua · owner · desktop → bbf99c0c4d27a4a4
ua · owner · mobile → 292fd907e6e01275
ua · steward · desktop → 12ef894267b2fc48
ua · steward · mobile → f254a63164cba2ee
ua · duel · desktop → 3c1ff977c6502d79
ua · duel · mobile → e933267d249f6da3
wow · base · desktop → 66d05b266c0691c0
wow · base · mobile → c18be2976f2c192b
wow · crowned · desktop → 4f98a2b21be875b3
wow · crowned · mobile → 0d19d8b4ea6f249e
wow · failed · desktop → 6cdba4e31000c11f
wow · failed · mobile → a53d028b6aa5ce45
wow · failedNoteless · desktop → fac02fff4b49e313
wow · failedNoteless · mobile → a4917c4448122dd0
wow · flagged · desktop → 9cf68ce142ea832a
wow · flagged · mobile → e7b74a841d746745
wow · sealed · desktop → 0c35773e09d4fdb5
wow · sealed · mobile → 3096a60eb81a59a8
wow · multiplier · desktop → 147ecc729b7e1b2d
wow · multiplier · mobile → 534734f16bdc93ad
wow · owner · desktop → b405f46b0056959d
wow · owner · mobile → 800abd3b832b2a3c
wow · steward · desktop → 8626c172dfab5789
wow · steward · mobile → e31b6391a61f0068
wow · duel · desktop → ae0bbb6cfa45a834
wow · duel · mobile → 670b3339fa38e3fb"
`;
